This is pdfTeX, Version 3.141592653-2.6-1.40.25 (TeX Live 2023/Debian) (preloaded format=pdflatex)
 restricted \write18 enabled.
entering extended mode
(./paper_en_reviewed.tex
LaTeX2e <2023-11-01> patch level 1
L3 programming layer <2024-01-22>
(/usr/share/texlive/texmf-dist/tex/latex/base/article.cls
Document Class: article 2023/05/17 v1.4n Standard LaTeX document class
(/usr/share/texlive/texmf-dist/tex/latex/base/size10.clo)) (./li_xin_style.sty
(/usr/share/texlive/texmf-dist/tex/latex/base/fontenc.sty)
(/usr/share/texlive/texmf-dist/tex/latex/psnfss/mathptmx.sty)
(/usr/share/texlive/texmf-dist/tex/latex/psnfss/helvet.sty
(/usr/share/texlive/texmf-dist/tex/latex/graphics/keyval.sty))
(/usr/share/texlive/texmf-dist/tex/latex/amsmath/amsmath.sty
For additional information on amsmath, use the `?' option.
(/usr/share/texlive/texmf-dist/tex/latex/amsmath/amstext.sty
(/usr/share/texlive/texmf-dist/tex/latex/amsmath/amsgen.sty))
(/usr/share/texlive/texmf-dist/tex/latex/amsmath/amsbsy.sty)
(/usr/share/texlive/texmf-dist/tex/latex/amsmath/amsopn.sty))
(/usr/share/texlive/texmf-dist/tex/latex/amsfonts/amssymb.sty
(/usr/share/texlive/texmf-dist/tex/latex/amsfonts/amsfonts.sty))
(/usr/share/texlive/texmf-dist/tex/latex/amscls/amsthm.sty)
(/usr/share/texlive/texmf-dist/tex/latex/mathtools/mathtools.sty
(/usr/share/texlive/texmf-dist/tex/latex/tools/calc.sty)
(/usr/share/texlive/texmf-dist/tex/latex/mathtools/mhsetup.sty))
(/usr/share/texlive/texmf-dist/tex/latex/geometry/geometry.sty
(/usr/share/texlive/texmf-dist/tex/generic/iftex/ifvtex.sty
(/usr/share/texlive/texmf-dist/tex/generic/iftex/iftex.sty)))
(/usr/share/texlive/texmf-dist/tex/latex/microtype/microtype.sty
(/usr/share/texlive/texmf-dist/tex/latex/etoolbox/etoolbox.sty)
(/usr/share/texlive/texmf-dist/tex/latex/microtype/microtype-pdftex.def)
(/usr/share/texlive/texmf-dist/tex/latex/microtype/microtype.cfg))
(/usr/share/texlive/texmf-dist/tex/latex/titlesec/titlesec.sty)
(/usr/share/texlive/texmf-dist/tex/latex/fancyhdr/fancyhdr.sty)
(/usr/share/texlive/texmf-dist/tex/latex/needspace/needspace.sty)
(/usr/share/texlive/texmf-dist/tex/latex/hyperref/hyperref.sty
(/usr/share/texlive/texmf-dist/tex/latex/kvsetkeys/kvsetkeys.sty)
(/usr/share/texlive/texmf-dist/tex/generic/kvdefinekeys/kvdefinekeys.sty)
(/usr/share/texlive/texmf-dist/tex/generic/pdfescape/pdfescape.sty
(/usr/share/texlive/texmf-dist/tex/generic/ltxcmds/ltxcmds.sty)
(/usr/share/texlive/texmf-dist/tex/generic/pdftexcmds/pdftexcmds.sty
(/usr/share/texlive/texmf-dist/tex/generic/infwarerr/infwarerr.sty)))
(/usr/share/texlive/texmf-dist/tex/latex/hycolor/hycolor.sty)
(/usr/share/texlive/texmf-dist/tex/latex/auxhook/auxhook.sty)
(/usr/share/texlive/texmf-dist/tex/latex/hyperref/nameref.sty
(/usr/share/texlive/texmf-dist/tex/latex/refcount/refcount.sty)
(/usr/share/texlive/texmf-dist/tex/generic/gettitlestring/gettitlestring.sty
(/usr/share/texlive/texmf-dist/tex/latex/kvoptions/kvoptions.sty)))
(/usr/share/texlive/texmf-dist/tex/latex/hyperref/pd1enc.def)
(/usr/share/texlive/texmf-dist/tex/generic/intcalc/intcalc.sty)
(/usr/share/texlive/texmf-dist/tex/latex/hyperref/puenc.def)
(/usr/share/texlive/texmf-dist/tex/latex/url/url.sty)
(/usr/share/texlive/texmf-dist/tex/generic/bitset/bitset.sty
(/usr/share/texlive/texmf-dist/tex/generic/bigintcalc/bigintcalc.sty))
(/usr/share/texlive/texmf-dist/tex/latex/base/atbegshi-ltx.sty))
(/usr/share/texlive/texmf-dist/tex/latex/hyperref/hpdftex.def
(/usr/share/texlive/texmf-dist/tex/latex/base/atveryend-ltx.sty)
(/usr/share/texlive/texmf-dist/tex/latex/rerunfilecheck/rerunfilecheck.sty
(/usr/share/texlive/texmf-dist/tex/generic/uniquecounter/uniquecounter.sty))))
(/usr/share/texlive/texmf-dist/tex/latex/psnfss/t1ptm.fd)
(/usr/share/texlive/texmf-dist/tex/latex/l3backend/l3backend-pdftex.def)
No file paper_en_reviewed.aux.
(/usr/share/texlive/texmf-dist/tex/latex/graphics/graphicx.sty
(/usr/share/texlive/texmf-dist/tex/latex/graphics/graphics.sty
(/usr/share/texlive/texmf-dist/tex/latex/graphics/trig.sty)
(/usr/share/texlive/texmf-dist/tex/latex/graphics-cfg/graphics.cfg)
(/usr/share/texlive/texmf-dist/tex/latex/graphics-def/pdftex.def
(/usr/share/texlive/texmf-dist/tex/context/base/mkii/supp-pdf.mkii
[Loading MPS to PDF converter (version 2006.09.02).]
))) (/usr/share/texlive/texmf-dist/tex/latex/epstopdf-pkg/epstopdf-base.sty
(/usr/share/texlive/texmf-dist/tex/latex/latexconfig/epstopdf-sys.cfg)))
*geometry* driver: auto-detecting
*geometry* detected driver: pdftex
(/usr/share/texlive/texmf-dist/tex/latex/microtype/mt-ptm.cfg)
(/usr/share/texlive/texmf-dist/tex/latex/graphics/color.sty
(/usr/share/texlive/texmf-dist/tex/latex/graphics-cfg/color.cfg)
(/usr/share/texlive/texmf-dist/tex/latex/graphics/mathcolor.ltx))
(/usr/share/texlive/texmf-dist/tex/latex/psnfss/t1phv.fd)
(/usr/share/texlive/texmf-dist/tex/latex/psnfss/ot1ztmcm.fd)
(/usr/share/texlive/texmf-dist/tex/latex/psnfss/omlztmcm.fd)
(/usr/share/texlive/texmf-dist/tex/latex/psnfss/omsztmcm.fd)
(/usr/share/texlive/texmf-dist/tex/latex/psnfss/omxztmcm.fd)
(/usr/share/texlive/texmf-dist/tex/latex/psnfss/ot1ptm.fd)
(/usr/share/texlive/texmf-dist/tex/latex/microtype/mt-msa.cfg)
(/usr/share/texlive/texmf-dist/tex/latex/microtype/mt-msb.cfg)

LaTeX Warning: Citation `WangV1' on page 1 undefined on input line 70.


LaTeX Warning: Citation `WangV1' on page 1 undefined on input line 76.

[1{/var/lib/texmf/fonts/map/pdftex/updmap/pdftex.map}{/usr/share/texlive/texmf-
dist/fonts/enc/dvips/base/8r.enc}]

LaTeX Warning: Reference `eq:parameters' on page 2 undefined on input line 89.


LaTeX Warning: Citation `WangV1' on page 2 undefined on input line 114.


LaTeX Warning: Citation `WangV1' on page 2 undefined on input line 118.


LaTeX Warning: Reference `eq:mass' on page 2 undefined on input line 142.


LaTeX Warning: Reference `eq:thermal' on page 2 undefined on input line 142.

[2]

LaTeX Warning: Reference `eq:fullclass' on page 3 undefined on input line 175.


LaTeX Warning: Reference `eq:fullclass' on page 3 undefined on input line 178.


LaTeX Warning: Citation `WangV1' on page 3 undefined on input line 178.


LaTeX Warning: Citation `WangV1' on page 3 undefined on input line 180.


LaTeX Warning: Citation `WangV1' on page 3 undefined on input line 181.


LaTeX Warning: Citation `WangV1' on page 3 undefined on input line 182.


LaTeX Warning: Reference `eq:fullclass' on page 3 undefined on input line 185.


LaTeX Warning: Reference `def:solution' on page 3 undefined on input line 203.


LaTeX Warning: Reference `eq:usedclass' on page 3 undefined on input line 205.


LaTeX Warning: Reference `eq:data' on page 3 undefined on input line 217.

[3]

LaTeX Warning: Reference `eq:parameters' on page 4 undefined on input line 238.



LaTeX Warning: Reference `eq:data' on page 4 undefined on input line 238.


LaTeX Warning: Reference `eq:compatibility' on page 4 undefined on input line 2
39.


LaTeX Warning: Reference `eq:compactdata' on page 4 undefined on input line 239
.


LaTeX Warning: Reference `def:solution' on page 4 undefined on input line 240.


LaTeX Warning: Reference `eq:lifespan' on page 4 undefined on input line 261.

[4]

LaTeX Warning: Reference `eq:supermean' on page 5 undefined on input line 317.


LaTeX Warning: Reference `def:solution' on page 5 undefined on input line 324.


LaTeX Warning: Reference `eq:flowbounds' on page 5 undefined on input line 366.


[5]

LaTeX Warning: Reference `eq:mollifieddensity' on page 6 undefined on input lin
e 407.


LaTeX Warning: Reference `eq:flow' on page 6 undefined on input line 407.


LaTeX Warning: Reference `eq:jacobian' on page 6 undefined on input line 414.


LaTeX Warning: Reference `eq:transportdensity' on page 6 undefined on input lin
e 419.


LaTeX Warning: Reference `eq:vacuumthermal' on page 6 undefined on input line 4
41.


LaTeX Warning: Reference `lem:superharmonic' on page 6 undefined on input line 
467.


LaTeX Warning: Reference `eq:vacuumthermal' on page 6 undefined on input line 4
69.

[6]

LaTeX Warning: Reference `eq:exteriorzero' on page 7 undefined on input line 48
9.


LaTeX Warning: Reference `eq:transportdensity' on page 7 undefined on input lin
e 496.


LaTeX Warning: Reference `eq:exteriorzero' on page 7 undefined on input line 49
6.


LaTeX Warning: Reference `eq:fixedsupport' on page 7 undefined on input line 49
7.


LaTeX Warning: Reference `eq:mainbound' on page 7 undefined on input line 503.


LaTeX Warning: Reference `eq:positiveQ' on page 7 undefined on input line 504.


LaTeX Warning: Reference `prop:fixedsupport' on page 7 undefined on input line 
513.


LaTeX Warning: Reference `thm:obstruction' on page 7 undefined on input line 51
6.

[7]

LaTeX Warning: Reference `eq:usedclass' on page 8 undefined on input line 552.


LaTeX Warning: Reference `eq:utPoincare' on page 8 undefined on input line 577.



LaTeX Warning: Reference `eq:identifytrace' on page 8 undefined on input line 6
07.


LaTeX Warning: Reference `eq:compactSobolev' on page 8 undefined on input line 
618.

[8]

LaTeX Warning: Reference `eq:kinetictrace' on page 9 undefined on input line 66
6.


LaTeX Warning: Reference `eq:internalbalance' on page 9 undefined on input line
 688.


LaTeX Warning: Reference `eq:energyintegrability' on page 9 undefined on input 
line 693.


LaTeX Warning: Reference `eq:traces' on page 9 undefined on input line 695.


LaTeX Warning: Reference `eq:energyconservation' on page 9 undefined on input l
ine 701.


LaTeX Warning: Reference `eq:mass' on page 9 undefined on input line 704.


LaTeX Warning: Reference `eq:energyconservation' on page 9 undefined on input l
ine 708.

[9]

LaTeX Warning: Reference `thm:obstruction' on page 10 undefined on input line 7
16.


LaTeX Warning: Reference `prop:energy' on page 10 undefined on input line 718.


LaTeX Warning: Reference `eq:firstvirial' on page 10 undefined on input line 75
3.


LaTeX Warning: Reference `eq:mainbound' on page 10 undefined on input line 770.



LaTeX Warning: Reference `eq:lifespan' on page 10 undefined on input line 775.

[10]

LaTeX Warning: Reference `eq:parameters' on page 11 undefined on input line 784
.


LaTeX Warning: Reference `eq:data' on page 11 undefined on input line 788.


LaTeX Warning: Reference `eq:compatibility' on page 11 undefined on input line 
788.


LaTeX Warning: Reference `eq:data' on page 11 undefined on input line 798.


LaTeX Warning: Reference `def:solution' on page 11 undefined on input line 800.



LaTeX Warning: Reference `thm:obstruction' on page 11 undefined on input line 8
64.

[11]

LaTeX Warning: Reference `eq:familylifespan' on page 12 undefined on input line
 883.


LaTeX Warning: Reference `eq:fullclass' on page 12 undefined on input line 889.


[12] (./paper_en_reviewed.aux)

LaTeX Warning: There were undefined references.


LaTeX Warning: Label(s) may have changed. Rerun to get cross-references right.


Package rerunfilecheck Warning: File `paper_en_reviewed.out' has changed.
(rerunfilecheck)                Rerun to get outlines right
(rerunfilecheck)                or use package `bookmark'.

 )</usr/share/texlive/texmf-dist/fonts/type1/public/amsfonts/cm/cmex10.pfb></us
r/share/texlive/texmf-dist/fonts/type1/public/amsfonts/cm/cmmi10.pfb></usr/shar
e/texlive/texmf-dist/fonts/type1/public/amsfonts/cm/cmr10.pfb></usr/share/texli
ve/texmf-dist/fonts/type1/public/amsfonts/cm/cmss8.pfb></usr/share/texlive/texm
f-dist/fonts/type1/public/amsfonts/cm/cmsy10.pfb></usr/share/texlive/texmf-dist
/fonts/type1/public/amsfonts/symbols/msbm10.pfb></usr/share/texlive/texmf-dist/
fonts/type1/public/rsfs/rsfs10.pfb></usr/share/texlive/texmf-dist/fonts/type1/u
rw/helvetic/uhvb8a.pfb></usr/share/texlive/texmf-dist/fonts/type1/urw/helvetic/
uhvbo8a.pfb></usr/share/texlive/texmf-dist/fonts/type1/urw/helvetic/uhvr8a.pfb>
</usr/share/texlive/texmf-dist/fonts/type1/urw/symbol/usyr.pfb></usr/share/texl
ive/texmf-dist/fonts/type1/urw/symbol/usyr.pfb></usr/share/texlive/texmf-dist/f
onts/type1/urw/times/utmb8a.pfb></usr/share/texlive/texmf-dist/fonts/type1/urw/
times/utmr8a.pfb></usr/share/texlive/texmf-dist/fonts/type1/urw/times/utmri8a.p
fb>
Output written on paper_en_reviewed.pdf (12 pages, 182629 bytes).
Transcript written on paper_en_reviewed.log.
