✖ [8707/8709] Building FNSTree.N0002 (20s)
trace: .> LEAN_PATH=/home/sx/xiong-agent/lean/formalization/.lake/packages/Cli/.lake/build/lib/lean:/home/sx/xiong-agent/lean/formalization/.lake/packages/batteries/.lake/build/lib/lean:/home/sx/xiong-agent/lean/formalization/.lake/packages/Qq/.lake/build/lib/lean:/home/sx/xiong-agent/lean/formalization/.lake/packages/aesop/.lake/build/lib/lean:/home/sx/xiong-agent/lean/formalization/.lake/packages/proofwidgets/.lake/build/lib/lean:/home/sx/xiong-agent/lean/formalization/.lake/packages/importGraph/.lake/build/lib/lean:/home/sx/xiong-agent/lean/formalization/.lake/packages/LeanSearchClient/.lake/build/lib/lean:/home/sx/xiong-agent/lean/formalization/.lake/packages/plausible/.lake/build/lib/lean:/home/sx/xiong-agent/lean/formalization/.lake/packages/mathlib/.lake/build/lib/lean:/mnt/d/tex/Latex/manuscripts/王雪全局解/xiong-fns-small-energy/research-tree/lean/local-runtime-n0002/.lake/build/lib/lean /home/sx/xiong-agent/.elan/toolchains/leanprover--lean4---v4.33.1/bin/lean /mnt/d/tex/Latex/manuscripts/王雪全局解/xiong-fns-small-energy/research-tree/lean/local-runtime-n0002/../FNSTree/N0002.lean -o /mnt/d/tex/Latex/manuscripts/王雪全局解/xiong-fns-small-energy/research-tree/lean/local-runtime-n0002/.lake/build/lib/lean/FNSTree/N0002.olean -i /mnt/d/tex/Latex/manuscripts/王雪全局解/xiong-fns-small-energy/research-tree/lean/local-runtime-n0002/.lake/build/lib/lean/FNSTree/N0002.ilean -c /mnt/d/tex/Latex/manuscripts/王雪全局解/xiong-fns-small-energy/research-tree/lean/local-runtime-n0002/.lake/build/ir/FNSTree/N0002.c --setup /mnt/d/tex/Latex/manuscripts/王雪全局解/xiong-fns-small-energy/research-tree/lean/local-runtime-n0002/.lake/build/ir/FNSTree/N0002.setup.json --json
error: ../FNSTree/N0002.lean:52:2: `simp` made no progress
warning: ../FNSTree/N0002.lean:46:40: This simp argument is unused:
  RingHom.id_apply

Hint: Omit it from the simp argument list.
  [apply] simp only [toDual_gradient, map_smul]

Note: This linter can be disabled with `set_option linter.unusedSimpArgs false`
error: ../FNSTree/N0002.lean:64:5: (deterministic) timeout at `isDefEq`, maximum number of heartbeats (200000) has been reached

Note: Use `set_option maxHeartbeats <num>` to set the limit.

Hint: Additional diagnostic information may be available using the `set_option diagnostics true` command.
error: ../FNSTree/N0002.lean:77:5: (deterministic) timeout at `whnf`, maximum number of heartbeats (200000) has been reached

Note: Use `set_option maxHeartbeats <num>` to set the limit.

Hint: Additional diagnostic information may be available using the `set_option diagnostics true` command.
error: ../FNSTree/N0002.lean:112:33: Application type mismatch: The argument
  hx
has type
  2 * R ≤ ‖x‖
but is expected to have type
  R * 2 ≤ ‖x‖
in the application
  (le_inv_mul_iff₀ hR).mpr hx
error: Lean exited with code 1
Some required targets logged failures:
- FNSTree.N0002
error: build failed
